[br.grandchase.net/pc/index.html]
[backblue.gif]
[fade.gif]
[index.html]
[br.grandchase.net/favicon/apple-touch-icon.png]
[br.grandchase.net/favicon/favicon-32x32.png]
[br.grandchase.net/favicon/android-chrome-192x192.png]
[br.grandchase.net/favicon/favicon-16x16.png]
[www.grandchase.net/css/bootstrap.min.css]
[www.grandchase.net/css/bootstrap-theme.min.css]
[br.grandchase.net/pc/css/default.min.css]
[br.grandchase.net/pc/css/slick.min.css]
[br.grandchase.net/pc/css/motion.min.css]
[ajax.googleapis.com/ajax/libs/jquery/3.3.1/jquery.min.js]
[br.grandchase.net/pc/js/slick.min.js]
[br.grandchase.net/pc/js/app.min.js]
[br.grandchase.net/script/registration.js]
[cdnjs.cloudflare.com/ajax/libs/cookieconsent2/3.1.0/cookieconsent.min.css]
[www.grandchase.net/js/bootstrap.min.js]
[cdnjs.cloudflare.com/ajax/libs/cookieconsent2/3.1.0/cookieconsent.min.js]
[contents.grandchase.net/3rdanniversary/br-popup.jpg]
[contents.grandchase.net/pt/event/pc/images/btn_pt_google.png]
[contents.grandchase.net/pt/event/pc/images/btn_pt_apple.png]
[contents.grandchase.net/pt/event/pc/images/kv/logo.png]
[contents.grandchase.net/pt/event/pc/images/kv/front.png]
[contents.grandchase.net/pt/event/pc/images/kv/left1.png]
[contents.grandchase.net/pt/event/pc/images/kv/right1.png]
[contents.grandchase.net/pt/event/pc/images/kv/left2.png]
[contents.grandchase.net/pt/event/pc/images/kv/right2.png]
[contents.grandchase.net/pt/event/pc/images/kv/back_left1.png]
[contents.grandchase.net/pt/event/pc/images/kv/back_right1.png]
[contents.grandchase.net/pt/event/pc/images/kv/back_left2.png]
[contents.grandchase.net/pt/event/pc/images/kv/back_right2.png]
[contents.grandchase.net/pt/event/pc/images/kv/back.png]
[contents.grandchase.net/pt/event/pc/images/title_mov.png]
[contents.grandchase.net/pt/event/pc/images/titie_char.png]
[contents.grandchase.net/pt/event/pc/images/cha_illlust_01.png]
[contents.grandchase.net/pt/event/pc/images/cha_script_011.png]
[contents.grandchase.net/pt/event/pc/images/cha_name_01.png]
[contents.grandchase.net/pt/event/pc/images/cha_illlust_02.png]
[contents.grandchase.net/pt/event/pc/images/cha_script_021.png]
[contents.grandchase.net/pt/event/pc/images/cha_name_02.png]
[contents.grandchase.net/pt/event/pc/images/cha_illlust_03.png]
[contents.grandchase.net/pt/event/pc/images/cha_script_031.png]
[contents.grandchase.net/pt/event/pc/images/cha_name_03.png]
[contents.grandchase.net/pt/event/pc/images/cha_illlust_04.png]
[contents.grandchase.net/pt/event/pc/images/cha_script_041.png]
[contents.grandchase.net/pt/event/pc/images/cha_name_04.png]
[contents.grandchase.net/pt/event/pc/images/cha_illlust_05.png]
[contents.grandchase.net/pt/event/pc/images/cha_script_051.png]
[contents.grandchase.net/pt/event/pc/images/cha_name_05.png]
[contents.grandchase.net/pt/event/pc/images/cha_illlust_06.png]
[contents.grandchase.net/pt/event/pc/images/cha_script_061.png]
[contents.grandchase.net/pt/event/pc/images/cha_name_06.png]
[contents.grandchase.net/pt/event/pc/images/cha_illlust_07.png]
[contents.grandchase.net/pt/event/pc/images/cha_script_071.png]
[contents.grandchase.net/pt/event/pc/images/cha_name_07.png]
[contents.grandchase.net/pt/event/pc/images/cha_illlust_08.png]
[contents.grandchase.net/pt/event/pc/images/cha_script_081.png]
[contents.grandchase.net/pt/event/pc/images/cha_name_08.png]
[contents.grandchase.net/pt/event/pc/images/cha_illlust_09.png]
[contents.grandchase.net/pt/event/pc/images/cha_script_091.png]
[contents.grandchase.net/pt/event/pc/images/cha_name_09.png]
[contents.grandchase.net/pt/event/pc/images/titie_story.png]
[contents.grandchase.net/pt/event/pc/images/story/story01.png]
[contents.grandchase.net/pt/event/pc/images/story/story011.png]
[contents.grandchase.net/pt/event/pc/images/story/story012.png]
[contents.grandchase.net/pt/event/pc/images/story/story013.png]
[contents.grandchase.net/pt/event/pc/images/story/story02.png]
[contents.grandchase.net/pt/event/pc/images/story/story021.png]
[contents.grandchase.net/pt/event/pc/images/story/story022.png]
[contents.grandchase.net/pt/event/pc/images/story/story023.png]
[contents.grandchase.net/pt/event/pc/images/story/story03.png]
[contents.grandchase.net/pt/event/pc/images/story/story031.png]
[contents.grandchase.net/pt/event/pc/images/story/story032.png]
[contents.grandchase.net/pt/event/pc/images/story/story033.png]
[contents.grandchase.net/pt/event/pc/images/story/story04.png]
[contents.grandchase.net/pt/event/pc/images/story/story041.png]
[contents.grandchase.net/pt/event/pc/images/story/story042.png]
[contents.grandchase.net/pt/event/pc/images/story/story043.png]
[contents.grandchase.net/pt/event/pc/images/story/story05.png]
[contents.grandchase.net/pt/event/pc/images/story/story051.png]
[contents.grandchase.net/pt/event/pc/images/story/story052.png]
[contents.grandchase.net/pt/event/pc/images/story/story053.png]
[contents.grandchase.net/pt/event/pc/images/story/story06.png]
[contents.grandchase.net/pt/event/pc/images/story/story061.png]
[contents.grandchase.net/pt/event/pc/images/story/story062.png]
[contents.grandchase.net/pt/event/pc/images/story/story063.png]
[contents.grandchase.net/pt/event/pc/images/story/story07.png]
[contents.grandchase.net/pt/event/pc/images/story/story071.png]
[contents.grandchase.net/pt/event/pc/images/story/story072.png]
[contents.grandchase.net/pt/event/pc/images/story/story073.png]
[contents.grandchase.net/pt/event/pc/images/story/story08.png]
[contents.grandchase.net/pt/event/pc/images/story/story081.png]
[contents.grandchase.net/pt/event/pc/images/story/story082.png]
[contents.grandchase.net/pt/event/pc/images/story/story083.png]
[contents.grandchase.net/pt/event/pc/images/story/story09.png]
[contents.grandchase.net/pt/event/pc/images/story/story091.png]
[contents.grandchase.net/pt/event/pc/images/story/story092.png]
[contents.grandchase.net/pt/event/pc/images/story/story093.png]
[contents.grandchase.net/pt/event/pc/images/story/story10.png]
[contents.grandchase.net/pt/event/pc/images/story/story101.png]
[contents.grandchase.net/pt/event/pc/images/story/story102.png]
[contents.grandchase.net/pt/event/pc/images/story/story103.png]
[contents.grandchase.net/pt/event/pc/images/titie_line.png]
[contents.grandchase.net/pt/event/pc/images/Youtube_sub_1.8.png]
[contents.grandchase.net/pt/event/pc/images/btn_footer1.png]
[contents.grandchase.net/pt/event/pc/images/btn_footer2.png]
[contents.grandchase.net/pt/event/pc/images/popup_close.jpg]
[contents.grandchase.net/pt/event/mobile/images/thankyou-bg.png]
[contents.grandchase.net/pt/event/mobile/images/thankyou-txt1.png]
[contents.grandchase.net/pt/event/mobile/images/thankyou-youtube.png]
[contents.grandchase.net/pt/event/mobile/images/thankyou-facebook.png]
[br.grandchase.net/pc/index.html]
[www.googletagmanager.com/gtm5445.html]
[www.grandchase.net/css/bootstrap.min.css]
[www.grandchase.net/css/bootstrap-theme.min.css]
[br.grandchase.net/pc/css/default.min.css]
[br.grandchase.net/pc/css/slick.min.css]
[br.grandchase.net/pc/css/motion.min.css]
[br.grandchase.net/script/registration.html]
[cdnjs.cloudflare.com/ajax/libs/cookieconsent2/3.1.0/cookieconsent.min.css]
[br.grandchase.net/cdn-cgi/scripts/5c5dd728/cloudflare-static/email-decode.min.js]
